2026-08-19 14:14:26,821 WARNING discord.client: PyNaCl is not installed, voice will NOT be supported.
2026-08-19 14:14:26,822 INFO main: WATCHDOG_MODE=true — logs/replies sent via sendMessage directly; watchdog owns getUpdates
2026-08-19 14:14:26,822 INFO discord.client: Logging in using static token.
2026-08-19 14:14:26,846 INFO tg.telegram_bot: telegram log handler attached
2026-08-19 14:14:26,846 INFO signals: signal manager watching D:\Discord\paidmessage\.watchdog_signals
2026-08-19 14:14:27,243 INFO discord.http: Found user agent "Mozilla/5.0 (Windows NT 10.0; Win64; x64) AppleWebKit/537.36 (KHTML, like Gecko) Chrome/152.0.0.0 Safari/537.36", build number 595897.
2026-08-19 14:14:27,244 INFO discord.http: Found TLS fingerprint target "chrome146".
2026-08-19 14:14:30,326 INFO discord.gateway: Connected to Gateway (session ID: af435df0a55c73ab3d9d01615f45dd86).
2026-08-19 14:14:31,653 INFO monitor: [PAID] \u250c\u2500 SELF BOT STARTED \u2500
\u2502 account=_nick.editz_ (1520721582169919580)
\u2502 channel=1433194028609831015
\u2502 trigger_author=nick.editz_
\u2502 cooldown=100.0s
\u2502 initial_delay=5.0-15.0s
\u2502 part_delay=4.0-10.0s
\u2502 pool_size=6
\u2514\u2500 READY
2026-08-19 14:15:04,563 INFO handlers: [PAID] \u250c\u2500 request detected
[PAID] \u2502 timestamp=2026-08-19 14:15:04
[PAID] \u2502 trigger_author=nick.editz_
[PAID] \u2502 target_user=soup.xd_ (799475544851873852)
[PAID] \u2502 channel_id=1433194028609831015 message_id=1539555790279540736
2026-08-19 14:15:04,564 INFO storage: [DB] claim_dm_slot user_id=799475544851873852 session=user-799475544851873852 claimed=True
2026-08-19 14:15:04,564 INFO dm_sender: [DM] \u250c\u2500 DM sequence start
[DM] \u2502 timestamp=2026-08-19 14:15:04
[DM] \u2502 author=nick.editz_
[DM] \u2502 user=soup.xd_ (799475544851873852)
[DM] \u2502 parts=3 pool_index=3
2026-08-19 14:15:16,504 INFO dm_sender: [DM] part 1 sent user=soup.xd_ content_len=35
2026-08-19 14:15:23,297 INFO dm_sender: [DM] part 2 sent user=soup.xd_ content_len=29
2026-08-19 14:15:29,122 INFO dm_sender: [DM] part 3 sent user=soup.xd_ content_len=43
2026-08-19 14:15:29,125 INFO dm_sender: [DM] \u2514\u2500 DM sequence complete user=soup.xd_
